// Jest Snapshot v1, https://goo.gl/fbAQLP

exports[`blank Simple blank 1`] = `
"<article>
  <h1 class=\\"title\\">Blank</h1>
  <section>
    <p>&nbsp;&nbsp;&nbsp;メロスは激怒した。</p>
  </section>
</article>"
`;
