// Jest Snapshot v1, https://goo.gl/fbAQLP

exports[`twitter Simple twitter 1`] = `
"<article>
  <h1 class=\\"title\\">Twitter</h1>
  <section>
    <p>
      <amp-twitter width=\\"375\\" height=\\"472\\" layout=\\"responsive\\" data-tweetid=\\"1190909733885972481\\"></amp-twitter>
    </p>
  </section>
</article>"
`;

exports[`twitter Twitter link with statuses 1`] = `
"<article>
  <h1 class=\\"title\\">Twitter</h1>
  <section>
    <p>
      <amp-twitter width=\\"375\\" height=\\"472\\" layout=\\"responsive\\" data-tweetid=\\"1190909733885972481\\"></amp-twitter>
    </p>
  </section>
</article>"
`;
